[debug] [2026-05-11T08:19:40.931Z] ----------------------------------------------------------------------
[debug] [2026-05-11T08:19:40.936Z] Command:       /home/alexglex/.nvm/versions/node/v25.9.0/bin/node /home/alexglex/.nvm/versions/node/v25.9.0/bin/firebase deploy --force
[debug] [2026-05-11T08:19:40.937Z] CLI Version:   15.16.0
[debug] [2026-05-11T08:19:40.939Z] Platform:      linux
[debug] [2026-05-11T08:19:40.939Z] Node Version:  v25.9.0
[debug] [2026-05-11T08:19:40.939Z] Time:          Mon May 11 2026 08:19:40 GMT+0000 (Coordinated Universal Time)
[debug] [2026-05-11T08:19:40.940Z] ----------------------------------------------------------------------
[debug] 
[debug] [2026-05-11T08:19:42.304Z] Object "" in "firebase.json" has unknown property: {"additionalProperty":"predeploy"}
[debug] [2026-05-11T08:19:42.307Z] > command requires scopes: ["email","openid","https://www.googleapis.com/auth/cloudplatformprojects.readonly","https://www.googleapis.com/auth/firebase","https://www.googleapis.com/auth/cloud-platform"]
[debug] [2026-05-11T08:19:42.307Z] > authorizing via signed-in user (alexglex@gmail.com)
[debug] [2026-05-11T08:19:42.308Z] [iam] checking project foodspv-14829 for permissions ["cloudfunctions.functions.create","cloudfunctions.functions.delete","cloudfunctions.functions.get","cloudfunctions.functions.list","cloudfunctions.functions.update","cloudfunctions.operations.get","firebase.projects.get","firebasehosting.sites.update"]
[debug] [2026-05-11T08:19:42.309Z] Checked if tokens are valid: true, expires at: 1778489069161
[debug] [2026-05-11T08:19:42.309Z] Checked if tokens are valid: true, expires at: 1778489069161
[debug] [2026-05-11T08:19:42.310Z] >>> [apiv2][query] POST https://cloudresourcemanager.googleapis.com/v1/projects/foodspv-14829:testIamPermissions [none]
[debug] [2026-05-11T08:19:42.310Z] >>> [apiv2][(partial)header] POST https://cloudresourcemanager.googleapis.com/v1/projects/foodspv-14829:testIamPermissions  x-goog-user-project=foodspv-14829
[debug] [2026-05-11T08:19:42.310Z] >>> [apiv2][body] POST https://cloudresourcemanager.googleapis.com/v1/projects/foodspv-14829:testIamPermissions {"permissions":["cloudfunctions.functions.create","cloudfunctions.functions.delete","cloudfunctions.functions.get","cloudfunctions.functions.list","cloudfunctions.functions.update","cloudfunctions.operations.get","firebase.projects.get","firebasehosting.sites.update"]}
[debug] [2026-05-11T08:19:42.380Z] <<< [apiv2][status] POST https://cloudresourcemanager.googleapis.com/v1/projects/foodspv-14829:testIamPermissions 200
[debug] [2026-05-11T08:19:42.380Z] <<< [apiv2][body] POST https://cloudresourcemanager.googleapis.com/v1/projects/foodspv-14829:testIamPermissions {"permissions":["cloudfunctions.functions.create","cloudfunctions.functions.delete","cloudfunctions.functions.get","cloudfunctions.functions.list","cloudfunctions.functions.update","cloudfunctions.operations.get","firebase.projects.get","firebasehosting.sites.update"]}
[debug] [2026-05-11T08:19:42.380Z] Checked if tokens are valid: true, expires at: 1778489069161
[debug] [2026-05-11T08:19:42.381Z] Checked if tokens are valid: true, expires at: 1778489069161
[debug] [2026-05-11T08:19:42.381Z] >>> [apiv2][query] POST https://iam.googleapis.com/v1/projects/foodspv-14829/serviceAccounts/foodspv-14829@appspot.gserviceaccount.com:testIamPermissions [none]
[debug] [2026-05-11T08:19:42.381Z] >>> [apiv2][body] POST https://iam.googleapis.com/v1/projects/foodspv-14829/serviceAccounts/foodspv-14829@appspot.gserviceaccount.com:testIamPermissions {"permissions":["iam.serviceAccounts.actAs"]}
[debug] [2026-05-11T08:19:42.452Z] <<< [apiv2][status] POST https://iam.googleapis.com/v1/projects/foodspv-14829/serviceAccounts/foodspv-14829@appspot.gserviceaccount.com:testIamPermissions 200
[debug] [2026-05-11T08:19:42.452Z] <<< [apiv2][body] POST https://iam.googleapis.com/v1/projects/foodspv-14829/serviceAccounts/foodspv-14829@appspot.gserviceaccount.com:testIamPermissions {"permissions":["iam.serviceAccounts.actAs"]}
[debug] [2026-05-11T08:19:42.453Z] Checked if tokens are valid: true, expires at: 1778489069161
[debug] [2026-05-11T08:19:42.453Z] Checked if tokens are valid: true, expires at: 1778489069161
[debug] [2026-05-11T08:19:42.454Z] >>> [apiv2][query] GET https://firebase.googleapis.com/v1beta1/projects/foodspv-14829 [none]
[debug] [2026-05-11T08:19:42.722Z] <<< [apiv2][status] GET https://firebase.googleapis.com/v1beta1/projects/foodspv-14829 200
[debug] [2026-05-11T08:19:42.722Z] <<< [apiv2][body] GET https://firebase.googleapis.com/v1beta1/projects/foodspv-14829 {"projectId":"foodspv-14829","projectNumber":"44869038768","displayName":"Foodspv","name":"projects/foodspv-14829","resources":{"hostingSite":"foodspv-14829"},"state":"ACTIVE","etag":"1_042c9663-c21b-4600-8a78-8a6e63205d66"}
[info] 
[info] === Deploying to 'foodspv-14829'...
[info] 
[info] i  deploying functions, hosting 
[debug] [2026-05-11T08:19:42.727Z] Checked if tokens are valid: true, expires at: 1778489069161
[debug] [2026-05-11T08:19:42.727Z] Checked if tokens are valid: true, expires at: 1778489069161
[debug] [2026-05-11T08:19:42.727Z] >>> [apiv2][query] GET https://cloudresourcemanager.googleapis.com/v1/projects/foodspv-14829 [none]
[debug] [2026-05-11T08:19:42.782Z] <<< [apiv2][status] GET https://cloudresourcemanager.googleapis.com/v1/projects/foodspv-14829 200
[debug] [2026-05-11T08:19:42.783Z] <<< [apiv2][body] GET https://cloudresourcemanager.googleapis.com/v1/projects/foodspv-14829 {"projectNumber":"44869038768","projectId":"foodspv-14829","lifecycleState":"ACTIVE","name":"Foodspv","labels":{"firebase":"enabled","firebase-core":"disabled"},"createTime":"2026-04-23T21:19:43.544Z"}
[info] i  functions: preparing codebase default for deployment 
[info] i  functions: ensuring required API cloudfunctions.googleapis.com is enabled... 
[info] i  functions: ensuring required API cloudbuild.googleapis.com is enabled... 
[info] i  artifactregistry: ensuring required API artifactregistry.googleapis.com is enabled... 
[debug] [2026-05-11T08:19:42.785Z] Checked if tokens are valid: true, expires at: 1778489069161
[debug] [2026-05-11T08:19:42.785Z] Checked if tokens are valid: true, expires at: 1778489069161
[debug] [2026-05-11T08:19:42.785Z] >>> [apiv2][query] GET https://firebase.googleapis.com/v1beta1/projects/foodspv-14829/adminSdkConfig [none]
[debug] [2026-05-11T08:19:43.036Z] <<< [apiv2][status] GET https://firebase.googleapis.com/v1beta1/projects/foodspv-14829/adminSdkConfig 200
[debug] [2026-05-11T08:19:43.036Z] <<< [apiv2][body] GET https://firebase.googleapis.com/v1beta1/projects/foodspv-14829/adminSdkConfig {"projectId":"foodspv-14829","storageBucket":"foodspv-14829.firebasestorage.app"}
[debug] [2026-05-11T08:19:43.037Z] Checked if tokens are valid: true, expires at: 1778489069161
[debug] [2026-05-11T08:19:43.037Z] Checked if tokens are valid: true, expires at: 1778489069161
[debug] [2026-05-11T08:19:43.037Z] >>> [apiv2][query] GET https://runtimeconfig.googleapis.com/v1beta1/projects/foodspv-14829/configs [none]
[debug] [2026-05-11T08:19:43.100Z] <<< [apiv2][status] GET https://runtimeconfig.googleapis.com/v1beta1/projects/foodspv-14829/configs 200
[debug] [2026-05-11T08:19:43.100Z] <<< [apiv2][body] GET https://runtimeconfig.googleapis.com/v1beta1/projects/foodspv-14829/configs {}
[debug] [2026-05-11T08:19:43.102Z] Validating nodejs source
[warn] ⚠  functions: Runtime Node.js 20 was deprecated on 2026-04-30 and will be decommissioned on 2026-10-30, after which you will not be able to deploy without upgrading. Consider upgrading now to avoid disruption. See https://cloud.google.com/functions/docs/runtime-support for full details on the lifecycle policy 
[debug] [2026-05-11T08:19:43.625Z] > [functions] package.json contents: {
  "name": "functions",
  "main": "lib/index.js",
  "engines": {
    "node": "20"
  },
  "scripts": {
    "build": "tsc",
    "serve": "firebase emulators:start --only functions",
    "deploy": "firebase deploy --only functions"
  },
  "dependencies": {
    "axios": "^1.16.0",
    "firebase-admin": "^12.1.0",
    "firebase-functions": "^7.2.5",
    "next": "16.2.4"
  },
  "devDependencies": {
    "typescript": "^5.4.5"
  }
}
[debug] [2026-05-11T08:19:43.625Z] Building nodejs source
[info] i  functions: Loading and analyzing source code for codebase default to determine what to deploy 
[debug] [2026-05-11T08:19:43.627Z] Could not find functions.yaml. Must use http discovery
[debug] [2026-05-11T08:19:43.632Z] Found firebase-functions binary at '/home/alexglex/foodspv/functions/node_modules/.bin/firebase-functions'
[info] Serving at port 8567

[debug] [2026-05-11T08:19:44.303Z] Got response from /__/functions.yaml {"endpoints":{"nextApp":{"availableMemoryMb":1024,"timeoutSeconds":null,"minInstances":1,"maxInstances":null,"ingressSettings":null,"concurrency":null,"serviceAccountEmail":null,"vpc":null,"platform":"gcfv2","region":["us-central1"],"labels":{},"httpsTrigger":{},"entryPoint":"nextApp"},"notifyOrder":{"availableMemoryMb":256,"timeoutSeconds":null,"minInstances":null,"maxInstances":null,"ingressSettings":null,"concurrency":null,"serviceAccountEmail":null,"vpc":null,"platform":"gcfv2","region":["us-central1"],"secretEnvironmentVariables":[{"key":"WHATSAPP_TOKEN"},{"key":"WHATSAPP_PHONE_ID"}],"labels":{},"eventTrigger":{"eventType":"google.cloud.firestore.document.v1.created","eventFilters":{"database":"(default)","namespace":"(default)"},"eventFilterPathPatterns":{"document":"tenants/{tenantId}/orders/{orderId}"},"retry":false},"entryPoint":"notifyOrder"}},"specVersion":"v1alpha1","requiredAPIs":[],"extensions":{},"params":[{"type":"secret","name":"WHATSAPP_TOKEN"},{"type":"secret","name":"WHATSAPP_PHONE_ID"}]}
